Microchip MPLAB XC8 Compiler V1.43 ()

Linker command line:

-W-3 --edf=C:\Program Files (x86)\Microchip\xc8\v1.43\dat\en_msgs.txt -cs \
  -h+dist/default/production\AN1004.X.production.sym \
  --cmf=dist/default/production\AN1004.X.production.cmf -z -Q18F1220 \
  -oC:\Users\a16686\AppData\Local\Temp\scn0.2 \
  -Mdist/default/production/AN1004.X.production.map -E1 -ver=XC8 \
  -ASTACK=080h-0ffh -pstack=STACK -ACODE=00h-0FFFh -ACONST=00h-0FFFh \
  -ASMALLCONST=0100h-01FFhx15 -AMEDIUMCONST=0100h-0FFFh -ACOMRAM=01h-07Fh \
  -AABS1=00h-0FFh -ABIGRAM=01h-0FFh -ARAM=080h-0FFh -ABANK0=080h-0FFh \
  -ASFR=0F80h-0FFFh -preset_vec=00h,intcode,intcodelo,powerup,init \
  -pramtop=0100h -psmallconst=SMALLCONST -pmediumconst=MEDIUMCONST \
  -pconst=CONST -AFARRAM=00h-00h -ACONFIG=0300000h-030000Dh -pconfig=CONFIG \
  -AIDLOC=0200000h-0200007h -pidloc=IDLOC -AEEDATA=0F00000h-0F000FFh \
  -peeprom_data=EEDATA \
  -prdata=COMRAM,nvrram=COMRAM,nvbit=COMRAM,rbss=COMRAM,rbit=COMRAM \
  -pfarbss=FARRAM,fardata=FARRAM,nvFARRAM=FARRAM \
  -pintsave_regs=BIGRAM,bigbss=BIGRAM,bigdata=BIGRAM -pbss=RAM \
  -pidata=CODE,irdata=CODE,ibigdata=CODE,ifardata=CODE -prparam=COMRAM \
  C:\Users\a16686\AppData\Local\Temp\scn0.obj \
  dist/default/production\AN1004.X.production.obj 

Object code version is 3.11

Machine type is 18F1220

Call graph: (short form)




                Name                               Link     Load   Length Selector   Space Scale
C:\Users\a16686\AppData\Local\Temp\scn0.obj
                init                                  2        2        4        0       0
                reset_vec                             0        0        2        0       0
                idloc                            200000   200000        8   200000       0
                config                           300000   300000        E   300000       0
dist/default/production\AN1004.X.production.obj
                text11                              EE6      EE6       12      773       0
                text10                              FB6      FB6       4A      7DB       0
                text9                               EF8      EF8       12      77C       0
                text8                               F0A      F0A       12      785       0
                text7                               ED8      ED8        E      76C       0
                text6                               F68      F68       16      7B4       0
                text5                               F40      F40       14      7A0       0
                text4                               F54      F54       14      7AA       0
                text3                               ECC      ECC        C      766       0
                text2                               F7E      F7E       1A      7BF       0
                text1                               F1C      F1C       12      78E       0
                text0                               F98      F98       1E      7CC       0
                cstackCOMRAM                          A        A        3        1       1
                bssCOMRAM                             1        1        6        1       1
                cinit                               F2E      F2E       12      797       0
                nvCOMRAM                              7        7        3        1       1

TOTAL           Name                               Link     Load   Length     Space
        CLASS   STACK          

        CLASS   CODE           
                init                                  2        2        4         0
                reset_vec                             0        0        2         0
                text11                              EE6      EE6       12         0
                text10                              FB6      FB6       4A         0
                text9                               EF8      EF8       12         0
                text8                               F0A      F0A       12         0
                text7                               ED8      ED8        E         0
                text6                               F68      F68       16         0
                text5                               F40      F40       14         0
                text4                               F54      F54       14         0
                text3                               ECC      ECC        C         0
                text2                               F7E      F7E       1A         0
                text1                               F1C      F1C       12         0
                text0                               F98      F98       1E         0
                cinit                               F2E      F2E       12         0

        CLASS   CONST          

        CLASS   SMALLCONST     

        CLASS   MEDIUMCONST    

        CLASS   COMRAM         
                cstackCOMRAM                          A        A        3         1
                bssCOMRAM                             1        1        6         1
                nvCOMRAM                              7        7        3         1

        CLASS   ABS1           

        CLASS   BIGRAM         

        CLASS   RAM            

        CLASS   BANK0          

        CLASS   SFR            

        CLASS   FARRAM         

        CLASS   CONFIG         
                config                           300000   300000        E         0

        CLASS   IDLOC          
                idloc                            200000   200000        8         0

        CLASS   EEDATA         



SEGMENTS        Name                           Load    Length   Top    Selector   Space  Class

                reset_vec                      000000  000006  000006         0       0  CODE    
                bssCOMRAM                      000001  00000C  00000D         1       1  COMRAM  
                text3                          000ECC  00000C  000ED8       766       0  CODE    
                text7                          000ED8  00000E  000EE6       76C       0  CODE    
                text11                         000EE6  000012  000EF8       773       0  CODE    
                text9                          000EF8  000012  000F0A       77C       0  CODE    
                text8                          000F0A  000012  000F1C       785       0  CODE    
                text1                          000F1C  000012  000F2E       78E       0  CODE    
                cinit                          000F2E  000012  000F40       797       0  CODE    
                text5                          000F40  000014  000F54       7A0       0  CODE    
                text4                          000F54  000014  000F68       7AA       0  CODE    
                text6                          000F68  000016  000F7E       7B4       0  CODE    
                text2                          000F7E  00001A  000F98       7BF       0  CODE    
                text0                          000F98  00001E  000FB6       7CC       0  CODE    
                text10                         000FB6  00004A  001000       7DB       0  CODE    
                idloc                          200000  000008  200008    200000       0  IDLOC   
                config                         300000  00000E  30000E    300000       0  CONFIG  


UNUSED ADDRESS RANGES

        Name                Unused          Largest block    Delta
        BANK0            000080-0000FF               80
        BIGRAM           00000D-0000FF               F3
        CODE             000006-000ECB              EC6
        COMRAM           00000D-00007F               73
        CONST            000006-000ECB              EC6
        EEDATA           F00000-F000FF              100
        MEDIUMCONST      000100-000ECB              DCC
        RAM              000080-0000FF               80
        SFR              000F80-000FFF               80
        SMALLCONST       000100-000ECB              100
        STACK            000080-0000FF               80

                                  Symbol Table

SendCommand@cmd_addr     nvCOMRAM     000007
SendCommand@i            bssCOMRAM    000005
SendCommand@temp         bssCOMRAM    000001
WriteX8@data             cstackCOMRAM 00000C
_ADCON1                  (abs)        000FC1
_Ewds                    text9        000EF8
_Ewen                    text8        000F0A
_PORTA                   (abs)        000F80
_PORTAbits               (abs)        000F80
_PORTB                   (abs)        000F81
_PORTBbits               (abs)        000F81
_ReadX8                  text5        000F40
_SendCommand             text10       000FB6
_TRISA                   (abs)        000F92
_TRISB                   (abs)        000F93
_WriteX8                 text2        000F7E
__CFG_BOR$OFF            (abs)        000000
__CFG_CP0$OFF            (abs)        000000
__CFG_CP1$OFF            (abs)        000000
__CFG_CPB$OFF            (abs)        000000
__CFG_CPD$OFF            (abs)        000000
__CFG_EBTR0$OFF          (abs)        000000
__CFG_EBTR1$OFF          (abs)        000000
__CFG_EBTRB$OFF          (abs)        000000
__CFG_FSCM$OFF           (abs)        000000
__CFG_IESO$OFF           (abs)        000000
__CFG_LVP$OFF            (abs)        000000
__CFG_MCLRE$ON           (abs)        000000
__CFG_OSC$HS             (abs)        000000
__CFG_PWRT$OFF           (abs)        000000
__CFG_STVR$ON            (abs)        000000
__CFG_WDT$OFF            (abs)        000000
__CFG_WRT0$OFF           (abs)        000000
__CFG_WRT1$OFF           (abs)        000000
__CFG_WRTB$OFF           (abs)        000000
__CFG_WRTC$OFF           (abs)        000000
__CFG_WRTD$OFF           (abs)        000000
__HRAM                   (abs)        000000
__Habs1                  abs1         000000
__Hbank0                 bank0        000000
__Hbigbss                bigbss       000000
__Hbigdata               bigdata      000000
__Hbigram                bigram       000000
__Hbss                   bss          000000
__HbssCOMRAM             bssCOMRAM    000000
__Hcinit                 cinit        000000
__Hclrtext               clrtext      000000
__Hcomram                comram       000000
__Hconfig                config       30000E
__Hconst                 const        000000
__HcstackCOMRAM          cstackCOMRAM 000000
__Hdata                  data         000000
__Heeprom_data           eeprom_data  000000
__Hfarbss                farbss       000000
__Hfardata               fardata      000000
__Hibigdata              ibigdata     000000
__Hidata                 idata        000000
__Hidloc                 idloc        200008
__Hifardata              ifardata     000000
__Hinit                  init         000006
__Hintcode               intcode      000002
__Hintcode_body          intcode_body 000000
__Hintcodelo             intcodelo    000002
__Hintentry              intentry     000000
__Hintret                intret       000000
__Hintsave_regs          intsave_regs 000000
__Hirdata                irdata       000000
__Hmediumconst           mediumconst  000000
__HnvCOMRAM              nvCOMRAM     000000
__HnvFARRAM              nvFARRAM     000000
__Hnvbit                 nvbit        000000
__Hnvrram                nvrram       000000
__Hparam                 rparam       000000
__Hpowerup               powerup      000002
__Hram                   ram          000000
__Hramtop                ramtop       000100
__Hrbit                  rbit         000000
__Hrbss                  rbss         000000
__Hrdata                 rdata        000000
__Hreset_vec             reset_vec    000002
__Hrparam                rparam       000000
__Hsfr                   sfr          000000
__Hsmallconst            smallconst   000000
__Hspace_0               (abs)        30000E
__Hspace_1               (abs)        00000D
__Hspace_2               (abs)        000000
__Hstack                 stack        000000
__Hstruct                struct       000000
__Htemp                  temp         000000
__Htext                  text         000000
__Htext0                 text0        000000
__Htext1                 text1        000000
__Htext10                text10       000000
__Htext11                text11       000000
__Htext2                 text2        000000
__Htext3                 text3        000000
__Htext4                 text4        000000
__Htext5                 text5        000000
__Htext6                 text6        000000
__Htext7                 text7        000000
__Htext8                 text8        000000
__Htext9                 text9        000000
__LRAM                   (abs)        000001
__Labs1                  abs1         000000
__Lbank0                 bank0        000000
__Lbigbss                bigbss       000000
__Lbigdata               bigdata      000000
__Lbigram                bigram       000000
__Lbss                   bss          000000
__LbssCOMRAM             bssCOMRAM    000000
__Lcinit                 cinit        000000
__Lclrtext               clrtext      000000
__Lcomram                comram       000000
__Lconfig                config       300000
__Lconst                 const        000000
__LcstackCOMRAM          cstackCOMRAM 000000
__Ldata                  data         000000
__Leeprom_data           eeprom_data  000000
__Lfarbss                farbss       000000
__Lfardata               fardata      000000
__Libigdata              ibigdata     000000
__Lidata                 idata        000000
__Lidloc                 idloc        200000
__Lifardata              ifardata     000000
__Linit                  init         000002
__Lintcode               intcode      000002
__Lintcode_body          intcode_body 000000
__Lintcodelo             intcodelo    000002
__Lintentry              intentry     000000
__Lintret                intret       000000
__Lintsave_regs          intsave_regs 000000
__Lirdata                irdata       000000
__Lmediumconst           mediumconst  000000
__LnvCOMRAM              nvCOMRAM     000000
__LnvFARRAM              nvFARRAM     000000
__Lnvbit                 nvbit        000000
__Lnvrram                nvrram       000000
__Lparam                 rparam       000000
__Lpowerup               powerup      000002
__Lram                   ram          000000
__Lramtop                ramtop       000100
__Lrbit                  rbit         000000
__Lrbss                  rbss         000000
__Lrdata                 rdata        000000
__Lreset_vec             reset_vec    000000
__Lrparam                rparam       000000
__Lsfr                   sfr          000000
__Lsmallconst            smallconst   000000
__Lspace_0               (abs)        000000
__Lspace_1               (abs)        000000
__Lspace_2               (abs)        000000
__Lstack                 stack        000000
__Lstruct                struct       000000
__Ltemp                  temp         000000
__Ltext                  text         000000
__Ltext0                 text0        000000
__Ltext1                 text1        000000
__Ltext10                text10       000000
__Ltext11                text11       000000
__Ltext2                 text2        000000
__Ltext3                 text3        000000
__Ltext4                 text4        000000
__Ltext5                 text5        000000
__Ltext6                 text6        000000
__Ltext7                 text7        000000
__Ltext8                 text8        000000
__Ltext9                 text9        000000
__S0                     (abs)        30000E
__S1                     (abs)        00000D
__S2                     (abs)        000000
___inthi_sp              stack        000000
___intlo_sp              stack        000000
___param_bank            (abs)        000000
___rparam_used           (abs)        000001
___sp                    stack        000000
__accesstop              (abs)        000080
__activetblptr           (abs)        000000
__end_of_Ewds            text9        000F0A
__end_of_Ewen            text8        000F1C
__end_of_ReadX8          text5        000F54
__end_of_SendCommand     text10       001000
__end_of_WriteX8         text2        000F98
__end_of__initialization cinit        000F3A
__end_of_bitin           text7        000EE6
__end_of_bitout          text11       000EF8
__end_of_bytein          text6        000F7E
__end_of_byteout         text4        000F68
__end_of_init            text1        000F2E
__end_of_main            text0        000FB6
__end_of_poll            text3        000ED8
__initialization         cinit        000F2E
__mediumconst            mediumconst  000000
__pbssCOMRAM             bssCOMRAM    000001
__pcinit                 cinit        000F2E
__pcstackCOMRAM          cstackCOMRAM 00000A
__pnvCOMRAM              nvCOMRAM     000007
__ptext0                 text0        000F98
__ptext1                 text1        000F1C
__ptext10                text10       000FB6
__ptext11                text11       000EE6
__ptext2                 text2        000F7E
__ptext3                 text3        000ECC
__ptext4                 text4        000F54
__ptext5                 text5        000F40
__ptext6                 text6        000F68
__ptext7                 text7        000ED8
__ptext8                 text8        000F0A
__ptext9                 text9        000EF8
__ramtop                 ramtop       000100
__size_of_Ewds           (abs)        000000
__size_of_Ewen           (abs)        000000
__size_of_ReadX8         (abs)        000000
__size_of_SendCommand    (abs)        000000
__size_of_WriteX8        (abs)        000000
__size_of_bitin          (abs)        000000
__size_of_bitout         (abs)        000000
__size_of_bytein         (abs)        000000
__size_of_byteout        (abs)        000000
__size_of_init           (abs)        000000
__size_of_main           (abs)        000000
__size_of_poll           (abs)        000000
__smallconst             smallconst   000000
_address                 bssCOMRAM    000003
_bitin                   text7        000ED8
_bitout                  text11       000EE6
_buffer                  bssCOMRAM    000006
_bytein                  text6        000F68
_byteout                 text4        000F54
_command                 nvCOMRAM     000009
_init                    text1        000F1C
_main                    text0        000F98
_poll                    text3        000ECC
bytein@i                 cstackCOMRAM 00000A
byteout@i                cstackCOMRAM 00000A
end_of_initialization    cinit        000F3A
intlevel0                text         000000
intlevel1                text         000000
intlevel2                text         000000
intlevel3                text         000000
stackhi                  (abs)        0000FF
stacklo                  (abs)        000080
start                    init         000002
start_initialization     cinit        000F2E


FUNCTION INFORMATION:

 *************** function _main *****************
 Defined at:
		line 139 in file "AN1004.c"
 Parameters:    Size  Location     Type
		None
 Auto vars:     Size  Location     Type
  data            2    0        unsigned int 
 Return value:  Size  Location     Type
                  1    wreg      void 
 Registers used:
		wreg, status,2, status,0, cstack
 Tracked objects:
		On entry : 
		On exit  : 
		Unchanged: 
 Data sizes:     COMRAM   BANK0
      Params:         0       0
      Locals:         2       0
      Temps:          0       0
      Totals:         2       0
Total ram usage:        2 bytes
 Hardware stack levels required when called:    3
 This function calls:
		_Ewds
		_Ewen
		_ReadX8
		_WriteX8
		_init
 This function is called by:
		Startup code after reset
 This function uses a non-reentrant model


 *************** function _init *****************
 Defined at:
		line 172 in file "AN1004.c"
 Parameters:    Size  Location     Type
		None
 Auto vars:     Size  Location     Type
		None
 Return value:  Size  Location     Type
                  1    wreg      void 
 Registers used:
		wreg, status,2
 Tracked objects:
		On entry : 
		On exit  : 
		Unchanged: 
 Data sizes:     COMRAM   BANK0
      Params:         0       0
      Locals:         0       0
      Temps:          0       0
      Totals:         0       0
Total ram usage:        0 bytes
 Hardware stack levels used:    1
 This function calls:
		Nothing
 This function is called by:
		_main
 This function uses a non-reentrant model


 *************** function _WriteX8 *****************
 Defined at:
		line 206 in file "AN1004.c"
 Parameters:    Size  Location     Type
  data            1    wreg     unsigned char 
 Auto vars:     Size  Location     Type
  data            1    2[COMRAM] unsigned char 
 Return value:  Size  Location     Type
                  1    wreg      void 
 Registers used:
		wreg, status,2, status,0, cstack
 Tracked objects:
		On entry : 
		On exit  : 
		Unchanged: 
 Data sizes:     COMRAM   BANK0
      Params:         0       0
      Locals:         1       0
      Temps:          0       0
      Totals:         1       0
Total ram usage:        1 bytes
 Hardware stack levels used:    1
 Hardware stack levels required when called:    2
 This function calls:
		_SendCommand
		_byteout
		_poll
 This function is called by:
		_main
 This function uses a non-reentrant model


 *************** function _poll *****************
 Defined at:
		line 305 in file "AN1004.c"
 Parameters:    Size  Location     Type
		None
 Auto vars:     Size  Location     Type
		None
 Return value:  Size  Location     Type
                  1    wreg      void 
 Registers used:
		None
 Tracked objects:
		On entry : 
		On exit  : 
		Unchanged: 
 Data sizes:     COMRAM   BANK0
      Params:         0       0
      Locals:         0       0
      Temps:          0       0
      Totals:         0       0
Total ram usage:        0 bytes
 Hardware stack levels used:    1
 This function calls:
		Nothing
 This function is called by:
		_WriteX8
 This function uses a non-reentrant model


 *************** function _byteout *****************
 Defined at:
		line 358 in file "AN1004.c"
 Parameters:    Size  Location     Type
		None
 Auto vars:     Size  Location     Type
  i               1    0[COMRAM] unsigned char 
 Return value:  Size  Location     Type
                  1    wreg      void 
 Registers used:
		wreg, status,2, status,0, cstack
 Tracked objects:
		On entry : 
		On exit  : 
		Unchanged: 
 Data sizes:     COMRAM   BANK0
      Params:         0       0
      Locals:         1       0
      Temps:          0       0
      Totals:         1       0
Total ram usage:        1 bytes
 Hardware stack levels used:    1
 Hardware stack levels required when called:    1
 This function calls:
		_bitout
 This function is called by:
		_WriteX8
 This function uses a non-reentrant model


 *************** function _ReadX8 *****************
 Defined at:
		line 246 in file "AN1004.c"
 Parameters:    Size  Location     Type
		None
 Auto vars:     Size  Location     Type
		None
 Return value:  Size  Location     Type
                  1    wreg      unsigned char 
 Registers used:
		wreg, status,2, status,0, cstack
 Tracked objects:
		On entry : 
		On exit  : 
		Unchanged: 
 Data sizes:     COMRAM   BANK0
      Params:         0       0
      Locals:         0       0
      Temps:          0       0
      Totals:         0       0
Total ram usage:        0 bytes
 Hardware stack levels used:    1
 Hardware stack levels required when called:    2
 This function calls:
		_SendCommand
		_bytein
 This function is called by:
		_main
 This function uses a non-reentrant model


 *************** function _bytein *****************
 Defined at:
		line 375 in file "AN1004.c"
 Parameters:    Size  Location     Type
		None
 Auto vars:     Size  Location     Type
  i               1    0[COMRAM] unsigned char 
 Return value:  Size  Location     Type
                  1    wreg      void 
 Registers used:
		wreg, status,2, status,0, cstack
 Tracked objects:
		On entry : 
		On exit  : 
		Unchanged: 
 Data sizes:     COMRAM   BANK0
      Params:         0       0
      Locals:         1       0
      Temps:          0       0
      Totals:         1       0
Total ram usage:        1 bytes
 Hardware stack levels used:    1
 Hardware stack levels required when called:    1
 This function calls:
		_bitin
 This function is called by:
		_ReadX8
 This function uses a non-reentrant model


 *************** function _bitin *****************
 Defined at:
		line 340 in file "AN1004.c"
 Parameters:    Size  Location     Type
		None
 Auto vars:     Size  Location     Type
		None
 Return value:  Size  Location     Type
                  1    wreg      void 
 Registers used:
		status,2, status,0
 Tracked objects:
		On entry : 
		On exit  : 
		Unchanged: 
 Data sizes:     COMRAM   BANK0
      Params:         0       0
      Locals:         0       0
      Temps:          0       0
      Totals:         0       0
Total ram usage:        0 bytes
 Hardware stack levels used:    1
 This function calls:
		Nothing
 This function is called by:
		_bytein
 This function uses a non-reentrant model


 *************** function _Ewen *****************
 Defined at:
		line 190 in file "AN1004.c"
 Parameters:    Size  Location     Type
		None
 Auto vars:     Size  Location     Type
		None
 Return value:  Size  Location     Type
                  1    wreg      void 
 Registers used:
		wreg, status,2, status,0, cstack
 Tracked objects:
		On entry : 
		On exit  : 
		Unchanged: 
 Data sizes:     COMRAM   BANK0
      Params:         0       0
      Locals:         0       0
      Temps:          0       0
      Totals:         0       0
Total ram usage:        0 bytes
 Hardware stack levels used:    1
 Hardware stack levels required when called:    2
 This function calls:
		_SendCommand
 This function is called by:
		_main
 This function uses a non-reentrant model


 *************** function _Ewds *****************
 Defined at:
		line 288 in file "AN1004.c"
 Parameters:    Size  Location     Type
		None
 Auto vars:     Size  Location     Type
		None
 Return value:  Size  Location     Type
                  1    wreg      void 
 Registers used:
		wreg, status,2, status,0, cstack
 Tracked objects:
		On entry : 
		On exit  : 
		Unchanged: 
 Data sizes:     COMRAM   BANK0
      Params:         0       0
      Locals:         0       0
      Temps:          0       0
      Totals:         0       0
Total ram usage:        0 bytes
 Hardware stack levels used:    1
 Hardware stack levels required when called:    2
 This function calls:
		_SendCommand
 This function is called by:
		_main
 This function uses a non-reentrant model


 *************** function _SendCommand *****************
 Defined at:
		line 395 in file "AN1004.c"
 Parameters:    Size  Location     Type
		None
 Auto vars:     Size  Location     Type
		None
 Return value:  Size  Location     Type
                  1    wreg      void 
 Registers used:
		wreg, status,2, status,0, cstack
 Tracked objects:
		On entry : 
		On exit  : 
		Unchanged: 
 Data sizes:     COMRAM   BANK0
      Params:         0       0
      Locals:         0       0
      Temps:          2       0
      Totals:         2       0
Total ram usage:        2 bytes
 Hardware stack levels used:    1
 Hardware stack levels required when called:    1
 This function calls:
		_bitout
 This function is called by:
		_Ewen
		_WriteX8
		_ReadX8
		_Ewds
 This function uses a non-reentrant model


 *************** function _bitout *****************
 Defined at:
		line 319 in file "AN1004.c"
 Parameters:    Size  Location     Type
		None
 Auto vars:     Size  Location     Type
		None
 Return value:  Size  Location     Type
                  1    wreg      void 
 Registers used:
		None
 Tracked objects:
		On entry : 
		On exit  : 
		Unchanged: 
 Data sizes:     COMRAM   BANK0
      Params:         0       0
      Locals:         0       0
      Temps:          0       0
      Totals:         0       0
Total ram usage:        0 bytes
 Hardware stack levels used:    1
 This function calls:
		Nothing
 This function is called by:
		_byteout
		_SendCommand
 This function uses a non-reentrant model



MODULE INFORMATION

Module		Function		Class		Link	Load	Size
AN1004.c
		_init          		CODE           	0F1C	0000	19
		_WriteX8       		CODE           	0F7E	0000	27
		_Ewen          		CODE           	0F0A	0000	19
		_SendCommand   		CODE           	0FB6	0000	75
		_ReadX8        		CODE           	0F40	0000	21
		_bytein        		CODE           	0F68	0000	23
		_main          		CODE           	0F98	0000	31
		_bitin         		CODE           	0ED8	0000	15
		_byteout       		CODE           	0F54	0000	21
		_Ewds          		CODE           	0EF8	0000	19
		_poll          		CODE           	0ECC	0000	13
		_bitout        		CODE           	0EE6	0000	19

AN1004.c estimated size: 302

shared
		__initialization		CODE           	0F2E	0000	13

shared estimated size: 13

